------------------------------------------------------------
Timing Analyzer Summary
------------------------------------------------------------

Type  : Slow 1100mV 85C Model Setup 'i_ce'
Slack : -6.795
TNS   : -429.313

Type  : Slow 1100mV 85C Model Setup 'clk'
Slack : -5.522
TNS   : -14904.292

Type  : Slow 1100mV 85C Model Hold 'clk'
Slack : -2.645
TNS   : -13.158

Type  : Slow 1100mV 85C Model Hold 'i_ce'
Slack : 0.646
TNS   : 0.000

Type  : Slow 1100mV 85C Model Recovery 'i_ce'
Slack : -3.462
TNS   : -166.118

Type  : Slow 1100mV 85C Model Removal 'i_ce'
Slack : 2.369
TNS   : 0.000

Type  : Slow 1100mV 85C Model Minimum Pulse Width 'clk'
Slack : -2.636
TNS   : -3864.951

Type  : Slow 1100mV 85C Model Minimum Pulse Width 'i_ce'
Slack : -2.174
TNS   : -106.871

Type  : Slow 1100mV 0C Model Setup 'i_ce'
Slack : -6.884
TNS   : -434.560

Type  : Slow 1100mV 0C Model Setup 'clk'
Slack : -5.423
TNS   : -13871.204

Type  : Slow 1100mV 0C Model Hold 'clk'
Slack : -2.819
TNS   : -14.042

Type  : Slow 1100mV 0C Model Hold 'i_ce'
Slack : 0.605
TNS   : 0.000

Type  : Slow 1100mV 0C Model Recovery 'i_ce'
Slack : -3.543
TNS   : -170.491

Type  : Slow 1100mV 0C Model Removal 'i_ce'
Slack : 2.485
TNS   : 0.000

Type  : Slow 1100mV 0C Model Minimum Pulse Width 'clk'
Slack : -2.636
TNS   : -3999.916

Type  : Slow 1100mV 0C Model Minimum Pulse Width 'i_ce'
Slack : -2.174
TNS   : -105.210

Type  : Fast 1100mV 85C Model Setup 'i_ce'
Slack : -3.531
TNS   : -218.226

Type  : Fast 1100mV 85C Model Setup 'clk'
Slack : -3.099
TNS   : -9230.210

Type  : Fast 1100mV 85C Model Hold 'clk'
Slack : -1.597
TNS   : -7.912

Type  : Fast 1100mV 85C Model Hold 'i_ce'
Slack : 0.298
TNS   : 0.000

Type  : Fast 1100mV 85C Model Recovery 'i_ce'
Slack : -1.665
TNS   : -78.193

Type  : Fast 1100mV 85C Model Removal 'i_ce'
Slack : 1.106
TNS   : 0.000

Type  : Fast 1100mV 85C Model Minimum Pulse Width 'clk'
Slack : -2.636
TNS   : -2191.845

Type  : Fast 1100mV 85C Model Minimum Pulse Width 'i_ce'
Slack : -2.174
TNS   : -66.585

Type  : Fast 1100mV 0C Model Setup 'i_ce'
Slack : -3.283
TNS   : -205.705

Type  : Fast 1100mV 0C Model Setup 'clk'
Slack : -2.689
TNS   : -7553.850

Type  : Fast 1100mV 0C Model Hold 'clk'
Slack : -1.666
TNS   : -8.948

Type  : Fast 1100mV 0C Model Hold 'i_ce'
Slack : 0.253
TNS   : 0.000

Type  : Fast 1100mV 0C Model Recovery 'i_ce'
Slack : -1.605
TNS   : -75.821

Type  : Fast 1100mV 0C Model Removal 'i_ce'
Slack : 1.120
TNS   : 0.000

Type  : Fast 1100mV 0C Model Minimum Pulse Width 'clk'
Slack : -2.636
TNS   : -2186.697

Type  : Fast 1100mV 0C Model Minimum Pulse Width 'i_ce'
Slack : -2.174
TNS   : -65.462

------------------------------------------------------------
