------------------------------------------------------------
Timing Analyzer Summary
------------------------------------------------------------

Type  : Slow 1100mV 85C Model Setup 'i_ce'
Slack : -6.346
TNS   : -411.099

Type  : Slow 1100mV 85C Model Setup 'clk'
Slack : -5.238
TNS   : -15511.237

Type  : Slow 1100mV 85C Model Hold 'clk'
Slack : 0.237
TNS   : 0.000

Type  : Slow 1100mV 85C Model Hold 'i_ce'
Slack : 0.623
TNS   : 0.000

Type  : Slow 1100mV 85C Model Recovery 'i_ce'
Slack : -3.325
TNS   : -158.647

Type  : Slow 1100mV 85C Model Removal 'i_ce'
Slack : 2.305
TNS   : 0.000

Type  : Slow 1100mV 85C Model Minimum Pulse Width 'clk'
Slack : -2.636
TNS   : -3857.541

Type  : Slow 1100mV 85C Model Minimum Pulse Width 'i_ce'
Slack : -2.174
TNS   : -108.516

Type  : Slow 1100mV 0C Model Setup 'i_ce'
Slack : -6.448
TNS   : -417.034

Type  : Slow 1100mV 0C Model Setup 'clk'
Slack : -5.068
TNS   : -14423.625

Type  : Slow 1100mV 0C Model Hold 'clk'
Slack : -0.041
TNS   : -0.079

Type  : Slow 1100mV 0C Model Hold 'i_ce'
Slack : 0.615
TNS   : 0.000

Type  : Slow 1100mV 0C Model Recovery 'i_ce'
Slack : -3.395
TNS   : -163.171

Type  : Slow 1100mV 0C Model Removal 'i_ce'
Slack : 2.429
TNS   : 0.000

Type  : Slow 1100mV 0C Model Minimum Pulse Width 'clk'
Slack : -2.636
TNS   : -3996.147

Type  : Slow 1100mV 0C Model Minimum Pulse Width 'i_ce'
Slack : -2.174
TNS   : -106.918

Type  : Fast 1100mV 85C Model Setup 'i_ce'
Slack : -3.256
TNS   : -211.669

Type  : Fast 1100mV 85C Model Setup 'clk'
Slack : -3.101
TNS   : -9883.854

Type  : Fast 1100mV 85C Model Hold 'clk'
Slack : 0.145
TNS   : 0.000

Type  : Fast 1100mV 85C Model Hold 'i_ce'
Slack : 0.341
TNS   : 0.000

Type  : Fast 1100mV 85C Model Recovery 'i_ce'
Slack : -1.630
TNS   : -74.918

Type  : Fast 1100mV 85C Model Removal 'i_ce'
Slack : 1.062
TNS   : 0.000

Type  : Fast 1100mV 85C Model Minimum Pulse Width 'clk'
Slack : -2.636
TNS   : -2191.841

Type  : Fast 1100mV 85C Model Minimum Pulse Width 'i_ce'
Slack : -2.174
TNS   : -68.027

Type  : Fast 1100mV 0C Model Setup 'i_ce'
Slack : -3.058
TNS   : -199.438

Type  : Fast 1100mV 0C Model Setup 'clk'
Slack : -2.637
TNS   : -8090.142

Type  : Fast 1100mV 0C Model Hold 'clk'
Slack : -0.028
TNS   : -0.078

Type  : Fast 1100mV 0C Model Hold 'i_ce'
Slack : 0.314
TNS   : 0.000

Type  : Fast 1100mV 0C Model Recovery 'i_ce'
Slack : -1.565
TNS   : -72.809

Type  : Fast 1100mV 0C Model Removal 'i_ce'
Slack : 1.079
TNS   : 0.000

Type  : Fast 1100mV 0C Model Minimum Pulse Width 'clk'
Slack : -2.636
TNS   : -2187.055

Type  : Fast 1100mV 0C Model Minimum Pulse Width 'i_ce'
Slack : -2.174
TNS   : -65.870

------------------------------------------------------------
